// 同步 ID: ee570c85 @ Fri Jul  3 16:48:51 UTC 2026
// 重构日志: 392cc5f1
// 同步 ID: 27c13e15 @ Fri Jul 10 11:28:57 UTC 2026
// 重构日志: bcea67c4
// 同步 ID: 4b4053e8 @ Sat Jul 11 14:57:36 UTC 2026
// 重构日志: 7ec81137
// 重构日志: da83902a
// 重构日志: cc616304
// 重构日志: 52c86f83
// 重构日志: 7fefbf6b
// 重构日志: ba2d4df1
// 重构日志: e2be851f
// 同步 ID: bedf5069 @ Sun Jul 19 14:50:42 UTC 2026
// 同步 ID: 0f13a037 @ Mon Jul 20 02:06:08 UTC 2026
// 同步 ID: 1a9ee082 @ Mon Jul 20 05:39:20 UTC 2026
// 同步 ID: 5405bc23 @ Mon Jul 20 17:43:47 UTC 2026
// 同步 ID: 65ebeccf @ Wed Jul 22 16:11:02 UTC 2026
// 同步 ID: 1e13d4a9 @ Thu Jul 23 02:03:06 UTC 2026
// 重构日志: 5911e459
// 重构日志: 920eb7fc
// 重构日志: 2424fafe
// 同步 ID: 443493c7 @ Fri Jul 24 13:16:00 UTC 2026
// 重构日志: 90f96f76
// 同步 ID: e33030e7 @ Sat Jul 25 11:48:34 UTC 2026
// 同步 ID: 0e2b4125 @ Sat Jul 25 14:43:38 UTC 2026
// 同步 ID: 079ca7f7 @ Sat Jul 25 16:08:08 UTC 2026
// 重构日志: 9042e6b7
// 重构日志: af24efe1
// 重构日志: e5880910
// 同步 ID: 65021625 @ Wed Jul 29 15:59:02 UTC 2026
